// Jest Snapshot v1, https://goo.gl/fbAQLP

exports[`Renders without exploding 1`] = `null`;
