// Jest Snapshot v1, https://goo.gl/fbAQLP

exports[`Renders button without exploding 1`] = `
<button
  className="btn btn-outline-info"
  disabled={false}
  onClick={[Function]}
  type="button"
>
  Add to favorite
</button>
`;
