// Jest Snapshot v1, https://goo.gl/fbAQLP

exports[`Renders without exploding 1`] = `
<div
  className="wrapper container"
>
  <div
    className="list-container"
  />
</div>
`;
