// Jest Snapshot v1, https://goo.gl/fbAQLP

exports[`Renders without exploding 1`] = `
<section
  className="not-found"
>
  <img
    alt="page not found"
    src="404.gif"
  />
</section>
`;
